// Vitest Snapshot v1, https://vitest.dev/guide/snapshot.html

exports[`Button > should have 'Button' page title 1`] = `
<body>
  <div>
    <button>
      Button
    </button>
  </div>
</body>
`;
